// Jest Snapshot v1, https://goo.gl/fbAQLP

exports[`Review renders component correctly 1`] = `
Array [
  <div
    className="reviews__user user"
  >
    <div
      className="reviews__avatar-wrapper user__avatar-wrapper"
    >
      <img
        alt="Reviews avatar"
        className="reviews__avatar user__avatar"
        height="54"
        src="https://es31-server.appspot.com/six-cities/static/avatar/4.jpg"
        width="54"
      />
    </div>
    <span
      className="reviews__user-name"
    >
      Zak
    </span>
  </div>,
  <div
    className="reviews__info"
  >
    <div
      className="reviews__rating rating"
    >
      <div
        className="reviews__stars rating__stars"
      >
        <span
          style={
            Object {
              "width": "60%",
            }
          }
        />
        <span
          className="visually-hidden"
        >
          Rating
        </span>
      </div>
    </div>
    <p
      className="reviews__text"
    >
      The room was spacious and clean. The pool looked nothing like the photos and desparately needs a clean. The sauna and spa were closed for lunar new year holiday.
    </p>
    <time
      className="reviews__time"
      dateTime="2019-05-21"
    >
      May 2019
    </time>
  </div>,
]
`;
